
[1m[46m RUN [49m[22m [36mv4.0.18 [39m[90mC:/dev/bnwv_pmw_app[39m

 [32m✓[39m src/__tests__/utils/dateUtils.test.js [2m([22m[2m14 tests[22m[2m)[22m[32m 5[2mms[22m[39m
 [32m✓[39m src/__tests__/utils/projectUtils.test.js [2m([22m[2m12 tests[22m[2m)[22m[32m 6[2mms[22m[39m
 [32m✓[39m src/__tests__/App.test.jsx [2m([22m[2m1 test[22m[2m)[22m[32m 69[2mms[22m[39m
 [32m✓[39m src/__tests__/components/DocumentsTile.test.jsx [2m([22m[2m3 tests[22m[2m)[22m[32m 61[2mms[22m[39m
 [32m✓[39m src/__tests__/components/ActiveProjectsTile.test.jsx [2m([22m[2m5 tests[22m[2m)[22m[32m 94[2mms[22m[39m
[90mstderr[2m | src/__tests__/components/StatusChartTile.test.jsx[2m > [22m[2mStatusChartTile[2m > [22m[2mrenders chart when projects exist
[22m[39mThe width(-1) and height(-1) of chart should be greater than 0,
       please check the style of container, or the props width(100%) and height(100%),
       or add a minWidth(0) or minHeight(undefined) or use aspect(undefined) to control the
       height and width.

 [32m✓[39m src/__tests__/components/StatusChartTile.test.jsx [2m([22m[2m2 tests[22m[2m)[22m[32m 71[2mms[22m[39m

[2m Test Files [22m [1m[32m6 passed[39m[22m[90m (6)[39m
[2m      Tests [22m [1m[32m37 passed[39m[22m[90m (37)[39m
[2m   Start at [22m 18:17:57
[2m   Duration [22m 91.06s[2m (transform 774ms, setup 41.82s, import 59.08s, tests 305ms, environment 295.92s)[22m

